------------------------------------------------------------
Timing Analyzer Summary
------------------------------------------------------------

Type  : Slow 1100mV 85C Model Setup 'CLK'
Slack : -7.604
TNS   : -901.932

Type  : Slow 1100mV 85C Model Hold 'CLK'
Slack : 0.529
TNS   : 0.000

Type  : Slow 1100mV 85C Model Minimum Pulse Width 'CLK'
Slack : -3.166
TNS   : -267.704

Type  : Slow 1100mV 0C Model Setup 'CLK'
Slack : -7.659
TNS   : -906.683

Type  : Slow 1100mV 0C Model Hold 'CLK'
Slack : 0.548
TNS   : 0.000

Type  : Slow 1100mV 0C Model Minimum Pulse Width 'CLK'
Slack : -3.166
TNS   : -267.432

Type  : Fast 1100mV 85C Model Setup 'CLK'
Slack : -2.857
TNS   : -313.005

Type  : Fast 1100mV 85C Model Hold 'CLK'
Slack : 0.183
TNS   : 0.000

Type  : Fast 1100mV 85C Model Minimum Pulse Width 'CLK'
Slack : -2.174
TNS   : -91.084

Type  : Fast 1100mV 0C Model Setup 'CLK'
Slack : -2.515
TNS   : -275.168

Type  : Fast 1100mV 0C Model Hold 'CLK'
Slack : 0.174
TNS   : 0.000

Type  : Fast 1100mV 0C Model Minimum Pulse Width 'CLK'
Slack : -2.174
TNS   : -91.361

------------------------------------------------------------
