------------------------------------------------------------
Timing Analyzer Summary
------------------------------------------------------------

Type  : Slow 1200mV 85C Model Setup 'CLK'
Slack : -8.100
TNS   : -918.681

Type  : Slow 1200mV 85C Model Setup 'AluSel[0]'
Slack : -4.743
TNS   : -35.661

Type  : Slow 1200mV 85C Model Hold 'CLK'
Slack : 0.322
TNS   : 0.000

Type  : Slow 1200mV 85C Model Hold 'AluSel[0]'
Slack : 0.696
TNS   : 0.000

Type  : Slow 1200mV 85C Model Minimum Pulse Width 'CLK'
Slack : -3.000
TNS   : -213.435

Type  : Slow 1200mV 85C Model Minimum Pulse Width 'AluSel[0]'
Slack : -3.000
TNS   : -3.000

Type  : Slow 1200mV 0C Model Setup 'CLK'
Slack : -7.305
TNS   : -835.583

Type  : Slow 1200mV 0C Model Setup 'AluSel[0]'
Slack : -4.272
TNS   : -32.003

Type  : Slow 1200mV 0C Model Hold 'CLK'
Slack : 0.316
TNS   : 0.000

Type  : Slow 1200mV 0C Model Hold 'AluSel[0]'
Slack : 0.480
TNS   : 0.000

Type  : Slow 1200mV 0C Model Minimum Pulse Width 'CLK'
Slack : -3.000
TNS   : -212.456

Type  : Slow 1200mV 0C Model Minimum Pulse Width 'AluSel[0]'
Slack : -3.000
TNS   : -3.000

Type  : Fast 1200mV 0C Model Setup 'CLK'
Slack : -3.039
TNS   : -324.981

Type  : Fast 1200mV 0C Model Setup 'AluSel[0]'
Slack : -1.729
TNS   : -12.472

Type  : Fast 1200mV 0C Model Hold 'CLK'
Slack : 0.127
TNS   : 0.000

Type  : Fast 1200mV 0C Model Hold 'AluSel[0]'
Slack : 0.367
TNS   : 0.000

Type  : Fast 1200mV 0C Model Minimum Pulse Width 'CLK'
Slack : -3.000
TNS   : -151.124

Type  : Fast 1200mV 0C Model Minimum Pulse Width 'AluSel[0]'
Slack : -3.000
TNS   : -3.000

------------------------------------------------------------
