------------------------------------------------------------
Timing Analyzer Summary
------------------------------------------------------------

Type  : Slow 1200mV 85C Model Setup 'CLK'
Slack : -8.698
TNS   : -967.669

Type  : Slow 1200mV 85C Model Setup 'AluSel[0]'
Slack : -4.956
TNS   : -38.243

Type  : Slow 1200mV 85C Model Hold 'CLK'
Slack : 0.288
TNS   : 0.000

Type  : Slow 1200mV 85C Model Hold 'AluSel[0]'
Slack : 0.847
TNS   : 0.000

Type  : Slow 1200mV 85C Model Minimum Pulse Width 'CLK'
Slack : -3.000
TNS   : -213.435

Type  : Slow 1200mV 85C Model Minimum Pulse Width 'AluSel[0]'
Slack : -3.000
TNS   : -3.000

Type  : Slow 1200mV 0C Model Setup 'CLK'
Slack : -8.047
TNS   : -891.281

Type  : Slow 1200mV 0C Model Setup 'AluSel[0]'
Slack : -4.474
TNS   : -34.265

Type  : Slow 1200mV 0C Model Hold 'CLK'
Slack : 0.292
TNS   : 0.000

Type  : Slow 1200mV 0C Model Hold 'AluSel[0]'
Slack : 0.611
TNS   : 0.000

Type  : Slow 1200mV 0C Model Minimum Pulse Width 'CLK'
Slack : -3.000
TNS   : -212.456

Type  : Slow 1200mV 0C Model Minimum Pulse Width 'AluSel[0]'
Slack : -3.000
TNS   : -3.000

Type  : Fast 1200mV 0C Model Setup 'CLK'
Slack : -3.142
TNS   : -340.055

Type  : Fast 1200mV 0C Model Setup 'AluSel[0]'
Slack : -1.859
TNS   : -13.496

Type  : Fast 1200mV 0C Model Hold 'CLK'
Slack : 0.119
TNS   : 0.000

Type  : Fast 1200mV 0C Model Hold 'AluSel[0]'
Slack : 0.381
TNS   : 0.000

Type  : Fast 1200mV 0C Model Minimum Pulse Width 'CLK'
Slack : -3.000
TNS   : -150.588

Type  : Fast 1200mV 0C Model Minimum Pulse Width 'AluSel[0]'
Slack : -3.000
TNS   : -3.000

------------------------------------------------------------
